{
  "version": "1.5.0",
  "plugins_used": [
    {
      "name": "ArtifactoryDetector"
    },
    {
      "name": "AWSKeyDetector"
    },
    {
      "name": "AzureStorageKeyDetector"
    },
    {
      "name": "Base64HighEntropyString",
      "limit": 4.5
    },
    {
      "name": "BasicAuthDetector"
    },
    {
      "name": "CloudantDetector"
    },
    {
      "name": "DiscordBotTokenDetector"
    },
    {
      "name": "GitHubTokenDetector"
    },
    {
      "name": "GitLabTokenDetector"
    },
    {
      "name": "HexHighEntropyString",
      "limit": 3.0
    },
    {
      "name": "IbmCloudIamDetector"
    },
    {
      "name": "IbmCosHmacDetector"
    },
    {
      "name": "IPPublicDetector"
    },
    {
      "name": "JwtTokenDetector"
    },
    {
      "name": "KeywordDetector",
      "keyword_exclude": ""
    },
    {
      "name": "MailchimpDetector"
    },
    {
      "name": "NpmDetector"
    },
    {
      "name": "OpenAIDetector"
    },
    {
      "name": "PrivateKeyDetector"
    },
    {
      "name": "PypiTokenDetector"
    },
    {
      "name": "SendGridDetector"
    },
    {
      "name": "SlackDetector"
    },
    {
      "name": "SoftlayerDetector"
    },
    {
      "name": "SquareOAuthDetector"
    },
    {
      "name": "StripeDetector"
    },
    {
      "name": "TelegramBotTokenDetector"
    },
    {
      "name": "TwilioKeyDetector"
    }
  ],
  "filters_used": [
    {
      "path": "detect_secrets.filters.allowlist.is_line_allowlisted"
    },
    {
      "path": "detect_secrets.filters.common.is_ignored_due_to_verification_policies",
      "min_level": 2
    },
    {
      "path": "detect_secrets.filters.heuristic.is_indirect_reference"
    },
    {
      "path": "detect_secrets.filters.heuristic.is_likely_id_string"
    },
    {
      "path": "detect_secrets.filters.heuristic.is_lock_file"
    },
    {
      "path": "detect_secrets.filters.heuristic.is_not_alphanumeric_string"
    },
    {
      "path": "detect_secrets.filters.heuristic.is_potential_uuid"
    },
    {
      "path": "detect_secrets.filters.heuristic.is_prefixed_with_dollar_sign"
    },
    {
      "path": "detect_secrets.filters.heuristic.is_sequential_string"
    },
    {
      "path": "detect_secrets.filters.heuristic.is_swagger_file"
    },
    {
      "path": "detect_secrets.filters.heuristic.is_templated_secret"
    }
  ],
  "results": {
    "CHANGELOG.md": [
      {
        "type": "Secret Keyword",
        "filename": "CHANGELOG.md",
        "hashed_secret": "ecb252044b5ea0f679ee78ec1a12904739e2904d",
        "is_verified": false,
        "line_number": 363
      },
      {
        "type": "Secret Keyword",
        "filename": "CHANGELOG.md",
        "hashed_secret": "91dfd9ddb4198affc5c194cd8ce6d338fde470e2",
        "is_verified": false,
        "line_number": 366
      }
    ],
    "EXAMPLE_WORKFLOW.json": [
      {
        "type": "Secret Keyword",
        "filename": "EXAMPLE_WORKFLOW.json",
        "hashed_secret": "b8b6787445c530b31f39a5cadbf8e30aaf1dfb96",
        "is_verified": false,
        "line_number": 77
      }
    ],
    "README.md": [
      {
        "type": "Secret Keyword",
        "filename": "README.md",
        "hashed_secret": "aecdccc1cf64595b34e0cc152d238daabb32183a",
        "is_verified": false,
        "line_number": 476
      }
    ],
    "WEBEX_DEPLOYMENT.md": [
      {
        "type": "Base64 High Entropy String",
        "filename": "WEBEX_DEPLOYMENT.md",
        "hashed_secret": "c9f94725acdf92523242d03536932f2ea2f50e99",
        "is_verified": false,
        "line_number": 107
      }
    ],
    "agent-manager-api-dev.service": [
      {
        "type": "Base64 High Entropy String",
        "filename": "agent-manager-api-dev.service",
        "hashed_secret": "666dda7dc638354a2085dd65084d887477c7b89c",
        "is_verified": false,
        "line_number": 17
      }
    ],
    "agent_manager.py": [
      {
        "type": "Secret Keyword",
        "filename": "agent_manager.py",
        "hashed_secret": "8ed4322e8e2790b8c928d381ce8d07cfd966e909",
        "is_verified": false,
        "line_number": 8683
      }
    ],
    "agents.json": [
      {
        "type": "Secret Keyword",
        "filename": "agents.json",
        "hashed_secret": "5b48d3197661187ca3dba7f37e4fdb14e0dbd242",
        "is_verified": false,
        "line_number": 9
      },
      {
        "type": "Secret Keyword",
        "filename": "agents.json",
        "hashed_secret": "354145dfd7af2a4bc5ea187e97e4866d8575cea5",
        "is_verified": false,
        "line_number": 15
      },
      {
        "type": "Secret Keyword",
        "filename": "agents.json",
        "hashed_secret": "103923bd12735e2019aa22c951ef6cf456746532",
        "is_verified": false,
        "line_number": 25
      },
      {
        "type": "Secret Keyword",
        "filename": "agents.json",
        "hashed_secret": "15076db5e486efd64d370ccc6dccb9f863535f63",
        "is_verified": false,
        "line_number": 31
      },
      {
        "type": "Secret Keyword",
        "filename": "agents.json",
        "hashed_secret": "1309b730c9d65ad2ccd109328020044659b86d69",
        "is_verified": false,
        "line_number": 41
      },
      {
        "type": "Secret Keyword",
        "filename": "agents.json",
        "hashed_secret": "3c31e13c398526a95ac40a2199eb1ca99a5c7ba4",
        "is_verified": false,
        "line_number": 47
      },
      {
        "type": "Secret Keyword",
        "filename": "agents.json",
        "hashed_secret": "d2cfba3744fc9dc41e7d81519c93c363703c46c4",
        "is_verified": false,
        "line_number": 57
      },
      {
        "type": "Secret Keyword",
        "filename": "agents.json",
        "hashed_secret": "8de6eaafe4bf427ddd95fe2b376e108fbb3dd61d",
        "is_verified": false,
        "line_number": 63
      },
      {
        "type": "Secret Keyword",
        "filename": "agents.json",
        "hashed_secret": "3207d43e2b2201319144bd31e7a8b57dd550b6f6",
        "is_verified": false,
        "line_number": 73
      },
      {
        "type": "Secret Keyword",
        "filename": "agents.json",
        "hashed_secret": "48581150c3b7b0b386c71766cdb648282b1adf6f",
        "is_verified": false,
        "line_number": 79
      },
      {
        "type": "Secret Keyword",
        "filename": "agents.json",
        "hashed_secret": "b3c495d7e63523144557408b7f52d5e3239439d4",
        "is_verified": false,
        "line_number": 100
      },
      {
        "type": "Secret Keyword",
        "filename": "agents.json",
        "hashed_secret": "afd9918daa4648f3cb04cf510a66ef7c8ba5b5aa",
        "is_verified": false,
        "line_number": 106
      },
      {
        "type": "Secret Keyword",
        "filename": "agents.json",
        "hashed_secret": "5ed727b8a4b1d8b0b626f337ff083075af1e2675",
        "is_verified": false,
        "line_number": 116
      },
      {
        "type": "Secret Keyword",
        "filename": "agents.json",
        "hashed_secret": "5813be841d6a69769f417c12aa8eaecb96d0cd1d",
        "is_verified": false,
        "line_number": 122
      },
      {
        "type": "Secret Keyword",
        "filename": "agents.json",
        "hashed_secret": "15f508d186f09cc9e36ed6eb9c652d12de9a2c77",
        "is_verified": false,
        "line_number": 143
      },
      {
        "type": "Secret Keyword",
        "filename": "agents.json",
        "hashed_secret": "86a26e6cf79f8e692606dc7a10fa74d24f87a926",
        "is_verified": false,
        "line_number": 149
      }
    ],
    "test_mute_integration.py": [
      {
        "type": "Base64 High Entropy String",
        "filename": "test_mute_integration.py",
        "hashed_secret": "e0ca8d10ad85dd1786fb9b035b2bef3e26f8e388",
        "is_verified": false,
        "line_number": 19
      }
    ],
    "tests/opencode_agentic_tests/test_opencode_direct.py": [
      {
        "type": "Base64 High Entropy String",
        "filename": "tests/opencode_agentic_tests/test_opencode_direct.py",
        "hashed_secret": "e0ca8d10ad85dd1786fb9b035b2bef3e26f8e388",
        "is_verified": false,
        "line_number": 15
      }
    ],
    "tests/test_issue142_wee_runtime_bugs.py": [
      {
        "type": "Secret Keyword",
        "filename": "tests/test_issue142_wee_runtime_bugs.py",
        "hashed_secret": "ed65c049bb2f78ee4f703b2158ba9cc6ea31fb7e",
        "is_verified": false,
        "line_number": 79
      },
      {
        "type": "Secret Keyword",
        "filename": "tests/test_issue142_wee_runtime_bugs.py",
        "hashed_secret": "3acfb2c2b433c0ea7ff107e33df91b18e52f960f",
        "is_verified": false,
        "line_number": 111
      },
      {
        "type": "Secret Keyword",
        "filename": "tests/test_issue142_wee_runtime_bugs.py",
        "hashed_secret": "a62f2225bf70bfaccbc7f1ef2a397836717377de",
        "is_verified": false,
        "line_number": 170
      }
    ],
    "tests/test_issue144_openrouter_auth.py": [
      {
        "type": "Secret Keyword",
        "filename": "tests/test_issue144_openrouter_auth.py",
        "hashed_secret": "1d4273c4224b387f7da5bc7d2889d02ef0894f6e",
        "is_verified": false,
        "line_number": 83
      },
      {
        "type": "Secret Keyword",
        "filename": "tests/test_issue144_openrouter_auth.py",
        "hashed_secret": "45cd22dde16c327eefa93fabbb1448903492bd2a",
        "is_verified": false,
        "line_number": 128
      },
      {
        "type": "Secret Keyword",
        "filename": "tests/test_issue144_openrouter_auth.py",
        "hashed_secret": "f0b2c4461f1166f0b90d15bd79195903b120edb8",
        "is_verified": false,
        "line_number": 129
      },
      {
        "type": "Secret Keyword",
        "filename": "tests/test_issue144_openrouter_auth.py",
        "hashed_secret": "13ac81f2538e95b77c6c5219d1c4a892c340eba3",
        "is_verified": false,
        "line_number": 171
      },
      {
        "type": "Secret Keyword",
        "filename": "tests/test_issue144_openrouter_auth.py",
        "hashed_secret": "9cdeaae013c7a53e9c8670d87e3c29c58fd17f78",
        "is_verified": false,
        "line_number": 173
      },
      {
        "type": "Secret Keyword",
        "filename": "tests/test_issue144_openrouter_auth.py",
        "hashed_secret": "6b8f36db289d14c3c7ba1bb21147b7a4fa7e7536",
        "is_verified": false,
        "line_number": 393
      },
      {
        "type": "Secret Keyword",
        "filename": "tests/test_issue144_openrouter_auth.py",
        "hashed_secret": "d8fbfb6abb8848a764c85d59bc641b61d5a12f4d",
        "is_verified": false,
        "line_number": 485
      },
      {
        "type": "Secret Keyword",
        "filename": "tests/test_issue144_openrouter_auth.py",
        "hashed_secret": "1a0d59b286d34fa3cb6b68e77abbb9e400721583",
        "is_verified": false,
        "line_number": 529
      }
    ],
    "tests/test_issue153_openrouter_auth.py": [
      {
        "type": "Secret Keyword",
        "filename": "tests/test_issue153_openrouter_auth.py",
        "hashed_secret": "9c60323afe0090165d48625153ff36123ce2c0d0",
        "is_verified": false,
        "line_number": 110
      },
      {
        "type": "Secret Keyword",
        "filename": "tests/test_issue153_openrouter_auth.py",
        "hashed_secret": "4fd0357d8167c26bacd8ff5ced7a462e3e516395",
        "is_verified": false,
        "line_number": 125
      },
      {
        "type": "Secret Keyword",
        "filename": "tests/test_issue153_openrouter_auth.py",
        "hashed_secret": "9c5839057da29b7bd7dc6411c21aecc44d60055e",
        "is_verified": false,
        "line_number": 258
      },
      {
        "type": "Secret Keyword",
        "filename": "tests/test_issue153_openrouter_auth.py",
        "hashed_secret": "3cb60ed5f2368c24bdb2da0c27381261a502ba8a",
        "is_verified": false,
        "line_number": 259
      },
      {
        "type": "Secret Keyword",
        "filename": "tests/test_issue153_openrouter_auth.py",
        "hashed_secret": "15f45ee35c395c2eed8d4b189a79a751bce4d557",
        "is_verified": false,
        "line_number": 284
      },
      {
        "type": "Secret Keyword",
        "filename": "tests/test_issue153_openrouter_auth.py",
        "hashed_secret": "eb8e1df3659c4ccf37803c9a9c5482278fa841f5",
        "is_verified": false,
        "line_number": 299
      },
      {
        "type": "Secret Keyword",
        "filename": "tests/test_issue153_openrouter_auth.py",
        "hashed_secret": "6b8f36db289d14c3c7ba1bb21147b7a4fa7e7536",
        "is_verified": false,
        "line_number": 394
      }
    ],
    "tests/test_issue158_qa_fixes.py": [
      {
        "type": "Secret Keyword",
        "filename": "tests/test_issue158_qa_fixes.py",
        "hashed_secret": "3acfb2c2b433c0ea7ff107e33df91b18e52f960f",
        "is_verified": false,
        "line_number": 382
      }
    ],
    "tests/test_issue158_wee_cli.py": [
      {
        "type": "Secret Keyword",
        "filename": "tests/test_issue158_wee_cli.py",
        "hashed_secret": "a94a8fe5ccb19ba61c4c0873d391e987982fbbd3",
        "is_verified": false,
        "line_number": 380
      }
    ],
    "tests/test_issue166_agent_bot_manager.py": [
      {
        "type": "Secret Keyword",
        "filename": "tests/test_issue166_agent_bot_manager.py",
        "hashed_secret": "d584455446bbb2e2806e1caa96706c557809bd8b",
        "is_verified": false,
        "line_number": 449
      },
      {
        "type": "Secret Keyword",
        "filename": "tests/test_issue166_agent_bot_manager.py",
        "hashed_secret": "f1301adf64789991722c496bf7a2a10adf229262",
        "is_verified": false,
        "line_number": 472
      },
      {
        "type": "Secret Keyword",
        "filename": "tests/test_issue166_agent_bot_manager.py",
        "hashed_secret": "2b49af0aa4c1fdeed4762f46a37cb0ca5dca7c84",
        "is_verified": false,
        "line_number": 492
      },
      {
        "type": "Secret Keyword",
        "filename": "tests/test_issue166_agent_bot_manager.py",
        "hashed_secret": "68eaa9f69a1e3e17dcbde694834a22ae1753e587",
        "is_verified": false,
        "line_number": 538
      },
      {
        "type": "Secret Keyword",
        "filename": "tests/test_issue166_agent_bot_manager.py",
        "hashed_secret": "1f000c8f114f5111b4fb5e351485b9115eb67301",
        "is_verified": false,
        "line_number": 557
      },
      {
        "type": "Secret Keyword",
        "filename": "tests/test_issue166_agent_bot_manager.py",
        "hashed_secret": "e5b48a979a411c1902c3dd10c9fda23e0a631151",
        "is_verified": false,
        "line_number": 616
      },
      {
        "type": "Secret Keyword",
        "filename": "tests/test_issue166_agent_bot_manager.py",
        "hashed_secret": "2aad9ee027351299eb37b8211f15298696fa71e9",
        "is_verified": false,
        "line_number": 676
      },
      {
        "type": "Secret Keyword",
        "filename": "tests/test_issue166_agent_bot_manager.py",
        "hashed_secret": "6a8d11900bd3f696985b0d7994517cbce1bd4ba3",
        "is_verified": false,
        "line_number": 848
      },
      {
        "type": "Secret Keyword",
        "filename": "tests/test_issue166_agent_bot_manager.py",
        "hashed_secret": "fae01501660713c73198c342801557865b88990f",
        "is_verified": false,
        "line_number": 866
      }
    ],
    "tests/test_notification_global_mute.py": [
      {
        "type": "Base64 High Entropy String",
        "filename": "tests/test_notification_global_mute.py",
        "hashed_secret": "e0ca8d10ad85dd1786fb9b035b2bef3e26f8e388",
        "is_verified": false,
        "line_number": 29
      }
    ],
    "tests/test_skill_delete.py": [
      {
        "type": "Base64 High Entropy String",
        "filename": "tests/test_skill_delete.py",
        "hashed_secret": "e0ca8d10ad85dd1786fb9b035b2bef3e26f8e388",
        "is_verified": false,
        "line_number": 179
      }
    ],
    "tests/test_telegram_register_commands.py": [
      {
        "type": "Secret Keyword",
        "filename": "tests/test_telegram_register_commands.py",
        "hashed_secret": "6d4e366d001419b6025026e198c5404574de6a9b",
        "is_verified": false,
        "line_number": 63
      }
    ],
    "tests/test_wee_runtime_comprehensive.py": [
      {
        "type": "Secret Keyword",
        "filename": "tests/test_wee_runtime_comprehensive.py",
        "hashed_secret": "58c9f274f0f40ca6d9a5eb4e3dc87e9eb08cc333",
        "is_verified": false,
        "line_number": 175
      },
      {
        "type": "Secret Keyword",
        "filename": "tests/test_wee_runtime_comprehensive.py",
        "hashed_secret": "0b4c4411a33815b9e82c12baa9d06d64c5426fc1",
        "is_verified": false,
        "line_number": 188
      },
      {
        "type": "Secret Keyword",
        "filename": "tests/test_wee_runtime_comprehensive.py",
        "hashed_secret": "f77b5dd39e3c4d682e67b67faa2cdfb980f5ecf1",
        "is_verified": false,
        "line_number": 200
      },
      {
        "type": "Secret Keyword",
        "filename": "tests/test_wee_runtime_comprehensive.py",
        "hashed_secret": "bea2f7b64fab8d1d414d0449530b1e088d36d5b1",
        "is_verified": false,
        "line_number": 211
      },
      {
        "type": "Secret Keyword",
        "filename": "tests/test_wee_runtime_comprehensive.py",
        "hashed_secret": "0d1919ff4eebc7af7ee04381259deedc059369aa",
        "is_verified": false,
        "line_number": 215
      },
      {
        "type": "Secret Keyword",
        "filename": "tests/test_wee_runtime_comprehensive.py",
        "hashed_secret": "8e51f208762044c642615024cb09f9f15276b277",
        "is_verified": false,
        "line_number": 254
      }
    ],
    "tests/test_wee_runtime_comprehensive_v2.py": [
      {
        "type": "Secret Keyword",
        "filename": "tests/test_wee_runtime_comprehensive_v2.py",
        "hashed_secret": "cfc94bd30ee5a1343b6237ff1d1ad1aef7e54d51",
        "is_verified": false,
        "line_number": 562
      },
      {
        "type": "Secret Keyword",
        "filename": "tests/test_wee_runtime_comprehensive_v2.py",
        "hashed_secret": "0b8d37ac0768fc1fc701b0c5e8d2af6d3cb3856b",
        "is_verified": false,
        "line_number": 580
      },
      {
        "type": "Secret Keyword",
        "filename": "tests/test_wee_runtime_comprehensive_v2.py",
        "hashed_secret": "00942f4668670f34c5943cf52c7ef3139fe2b8d6",
        "is_verified": false,
        "line_number": 998
      },
      {
        "type": "Secret Keyword",
        "filename": "tests/test_wee_runtime_comprehensive_v2.py",
        "hashed_secret": "f676f47136f20189929309e4de800dd22b5cc4c9",
        "is_verified": false,
        "line_number": 1134
      }
    ],
    "tests/test_wee_runtime_scenarios.py": [
      {
        "type": "Secret Keyword",
        "filename": "tests/test_wee_runtime_scenarios.py",
        "hashed_secret": "80c3eb3a746f82974a9696275d8b52a37fba449b",
        "is_verified": false,
        "line_number": 745
      },
      {
        "type": "Secret Keyword",
        "filename": "tests/test_wee_runtime_scenarios.py",
        "hashed_secret": "00942f4668670f34c5943cf52c7ef3139fe2b8d6",
        "is_verified": false,
        "line_number": 780
      },
      {
        "type": "Secret Keyword",
        "filename": "tests/test_wee_runtime_scenarios.py",
        "hashed_secret": "8ed4322e8e2790b8c928d381ce8d07cfd966e909",
        "is_verified": false,
        "line_number": 1515
      }
    ]
  },
  "generated_at": "2026-04-24T01:45:45Z"
}
