{
  "version": "1.5.0",
  "plugins_used": [
    {
      "name": "ArtifactoryDetector"
    },
    {
      "name": "AWSKeyDetector"
    },
    {
      "name": "AzureStorageKeyDetector"
    },
    {
      "name": "Base64HighEntropyString",
      "limit": 4.5
    },
    {
      "name": "BasicAuthDetector"
    },
    {
      "name": "CloudantDetector"
    },
    {
      "name": "DiscordBotTokenDetector"
    },
    {
      "name": "GitHubTokenDetector"
    },
    {
      "name": "GitLabTokenDetector"
    },
    {
      "name": "HexHighEntropyString",
      "limit": 3.0
    },
    {
      "name": "IbmCloudIamDetector"
    },
    {
      "name": "IbmCosHmacDetector"
    },
    {
      "name": "IPPublicDetector"
    },
    {
      "name": "JwtTokenDetector"
    },
    {
      "name": "KeywordDetector",
      "keyword_exclude": ""
    },
    {
      "name": "MailchimpDetector"
    },
    {
      "name": "NpmDetector"
    },
    {
      "name": "OpenAIDetector"
    },
    {
      "name": "PrivateKeyDetector"
    },
    {
      "name": "PypiTokenDetector"
    },
    {
      "name": "SendGridDetector"
    },
    {
      "name": "SlackDetector"
    },
    {
      "name": "SoftlayerDetector"
    },
    {
      "name": "SquareOAuthDetector"
    },
    {
      "name": "StripeDetector"
    },
    {
      "name": "TelegramBotTokenDetector"
    },
    {
      "name": "TwilioKeyDetector"
    }
  ],
  "filters_used": [
    {
      "path": "detect_secrets.filters.allowlist.is_line_allowlisted"
    },
    {
      "path": "detect_secrets.filters.common.is_ignored_due_to_verification_policies",
      "min_level": 2
    },
    {
      "path": "detect_secrets.filters.heuristic.is_indirect_reference"
    },
    {
      "path": "detect_secrets.filters.heuristic.is_likely_id_string"
    },
    {
      "path": "detect_secrets.filters.heuristic.is_lock_file"
    },
    {
      "path": "detect_secrets.filters.heuristic.is_not_alphanumeric_string"
    },
    {
      "path": "detect_secrets.filters.heuristic.is_potential_uuid"
    },
    {
      "path": "detect_secrets.filters.heuristic.is_prefixed_with_dollar_sign"
    },
    {
      "path": "detect_secrets.filters.heuristic.is_sequential_string"
    },
    {
      "path": "detect_secrets.filters.heuristic.is_swagger_file"
    },
    {
      "path": "detect_secrets.filters.heuristic.is_templated_secret"
    }
  ],
  "results": {
    ".secrets.baseline": [
      {
        "type": "Hex High Entropy String",
        "filename": ".secrets.baseline",
        "hashed_secret": "16a44bf9f8362466dfbb16bece6d92c09b2a7d3d",
        "is_verified": false,
        "line_number": 130
      },
      {
        "type": "Secret Keyword",
        "filename": ".secrets.baseline",
        "hashed_secret": "16a44bf9f8362466dfbb16bece6d92c09b2a7d3d",
        "is_verified": false,
        "line_number": 130
      },
      {
        "type": "Hex High Entropy String",
        "filename": ".secrets.baseline",
        "hashed_secret": "973a28e16bac634c54ccf31b647da8afacbc731f",
        "is_verified": false,
        "line_number": 137
      },
      {
        "type": "Secret Keyword",
        "filename": ".secrets.baseline",
        "hashed_secret": "973a28e16bac634c54ccf31b647da8afacbc731f",
        "is_verified": false,
        "line_number": 137
      },
      {
        "type": "Hex High Entropy String",
        "filename": ".secrets.baseline",
        "hashed_secret": "423ba7bfefba6cc5ee7a553a943ecd61845d392a",
        "is_verified": false,
        "line_number": 146
      },
      {
        "type": "Secret Keyword",
        "filename": ".secrets.baseline",
        "hashed_secret": "423ba7bfefba6cc5ee7a553a943ecd61845d392a",
        "is_verified": false,
        "line_number": 146
      },
      {
        "type": "Hex High Entropy String",
        "filename": ".secrets.baseline",
        "hashed_secret": "313b10e760c6601492c94b34cebebe22f074ec26",
        "is_verified": false,
        "line_number": 155
      },
      {
        "type": "Secret Keyword",
        "filename": ".secrets.baseline",
        "hashed_secret": "313b10e760c6601492c94b34cebebe22f074ec26",
        "is_verified": false,
        "line_number": 155
      },
      {
        "type": "Hex High Entropy String",
        "filename": ".secrets.baseline",
        "hashed_secret": "5b51fea310fbbe9a056562a7b2cfd4755b7539f9",
        "is_verified": false,
        "line_number": 164
      },
      {
        "type": "Secret Keyword",
        "filename": ".secrets.baseline",
        "hashed_secret": "5b51fea310fbbe9a056562a7b2cfd4755b7539f9",
        "is_verified": false,
        "line_number": 164
      },
      {
        "type": "Hex High Entropy String",
        "filename": ".secrets.baseline",
        "hashed_secret": "af9b03eb9813fa453879e6e37212579785bd6abd",
        "is_verified": false,
        "line_number": 173
      },
      {
        "type": "Secret Keyword",
        "filename": ".secrets.baseline",
        "hashed_secret": "af9b03eb9813fa453879e6e37212579785bd6abd",
        "is_verified": false,
        "line_number": 173
      },
      {
        "type": "Hex High Entropy String",
        "filename": ".secrets.baseline",
        "hashed_secret": "bebd21d53fd10c138552151e0ef50d5b04514fca",
        "is_verified": false,
        "line_number": 182
      },
      {
        "type": "Secret Keyword",
        "filename": ".secrets.baseline",
        "hashed_secret": "bebd21d53fd10c138552151e0ef50d5b04514fca",
        "is_verified": false,
        "line_number": 182
      },
      {
        "type": "Hex High Entropy String",
        "filename": ".secrets.baseline",
        "hashed_secret": "7500a08ac6de64dffc5dec4cbda3d48a3859fae5",
        "is_verified": false,
        "line_number": 191
      },
      {
        "type": "Secret Keyword",
        "filename": ".secrets.baseline",
        "hashed_secret": "7500a08ac6de64dffc5dec4cbda3d48a3859fae5",
        "is_verified": false,
        "line_number": 191
      },
      {
        "type": "Hex High Entropy String",
        "filename": ".secrets.baseline",
        "hashed_secret": "e53afa85dc06499259e8039cc2c3927af8aa8756",
        "is_verified": false,
        "line_number": 198
      },
      {
        "type": "Secret Keyword",
        "filename": ".secrets.baseline",
        "hashed_secret": "e53afa85dc06499259e8039cc2c3927af8aa8756",
        "is_verified": false,
        "line_number": 198
      },
      {
        "type": "Hex High Entropy String",
        "filename": ".secrets.baseline",
        "hashed_secret": "dc06265996f773aaaeda6fa53d7a2811c44f8c4f",
        "is_verified": false,
        "line_number": 205
      },
      {
        "type": "Secret Keyword",
        "filename": ".secrets.baseline",
        "hashed_secret": "dc06265996f773aaaeda6fa53d7a2811c44f8c4f",
        "is_verified": false,
        "line_number": 205
      },
      {
        "type": "Hex High Entropy String",
        "filename": ".secrets.baseline",
        "hashed_secret": "cbb4d79dc70be589cd984bb34adf8185c6de0f64",
        "is_verified": false,
        "line_number": 212
      },
      {
        "type": "Secret Keyword",
        "filename": ".secrets.baseline",
        "hashed_secret": "cbb4d79dc70be589cd984bb34adf8185c6de0f64",
        "is_verified": false,
        "line_number": 212
      },
      {
        "type": "Hex High Entropy String",
        "filename": ".secrets.baseline",
        "hashed_secret": "1f366c37d22dbf1723f32449ad83300081b1daf8",
        "is_verified": false,
        "line_number": 219
      },
      {
        "type": "Secret Keyword",
        "filename": ".secrets.baseline",
        "hashed_secret": "1f366c37d22dbf1723f32449ad83300081b1daf8",
        "is_verified": false,
        "line_number": 219
      },
      {
        "type": "Hex High Entropy String",
        "filename": ".secrets.baseline",
        "hashed_secret": "c7216118be622e859e04e8adad2ab549fb071170",
        "is_verified": false,
        "line_number": 226
      },
      {
        "type": "Secret Keyword",
        "filename": ".secrets.baseline",
        "hashed_secret": "c7216118be622e859e04e8adad2ab549fb071170",
        "is_verified": false,
        "line_number": 226
      },
      {
        "type": "Hex High Entropy String",
        "filename": ".secrets.baseline",
        "hashed_secret": "6352465fa4f00d48aa8ec8d28c2223d80268baa7",
        "is_verified": false,
        "line_number": 233
      },
      {
        "type": "Secret Keyword",
        "filename": ".secrets.baseline",
        "hashed_secret": "6352465fa4f00d48aa8ec8d28c2223d80268baa7",
        "is_verified": false,
        "line_number": 233
      },
      {
        "type": "Hex High Entropy String",
        "filename": ".secrets.baseline",
        "hashed_secret": "b707ced65a5ae5a8fc1bacfe3247339124c0e1d3",
        "is_verified": false,
        "line_number": 240
      },
      {
        "type": "Secret Keyword",
        "filename": ".secrets.baseline",
        "hashed_secret": "b707ced65a5ae5a8fc1bacfe3247339124c0e1d3",
        "is_verified": false,
        "line_number": 240
      },
      {
        "type": "Hex High Entropy String",
        "filename": ".secrets.baseline",
        "hashed_secret": "f7de0cfc351b90c5f8144998eda346c177f48080",
        "is_verified": false,
        "line_number": 247
      },
      {
        "type": "Secret Keyword",
        "filename": ".secrets.baseline",
        "hashed_secret": "f7de0cfc351b90c5f8144998eda346c177f48080",
        "is_verified": false,
        "line_number": 247
      },
      {
        "type": "Hex High Entropy String",
        "filename": ".secrets.baseline",
        "hashed_secret": "c39067afc67e604a01f85bd8dbcfaa6864858f21",
        "is_verified": false,
        "line_number": 254
      },
      {
        "type": "Secret Keyword",
        "filename": ".secrets.baseline",
        "hashed_secret": "c39067afc67e604a01f85bd8dbcfaa6864858f21",
        "is_verified": false,
        "line_number": 254
      },
      {
        "type": "Hex High Entropy String",
        "filename": ".secrets.baseline",
        "hashed_secret": "3f8bcca630eb9bb2f4511101d47e04a4e75fd811",
        "is_verified": false,
        "line_number": 261
      },
      {
        "type": "Secret Keyword",
        "filename": ".secrets.baseline",
        "hashed_secret": "3f8bcca630eb9bb2f4511101d47e04a4e75fd811",
        "is_verified": false,
        "line_number": 261
      },
      {
        "type": "Hex High Entropy String",
        "filename": ".secrets.baseline",
        "hashed_secret": "a8898aa5844607bb32007f53386df85a60c5f79b",
        "is_verified": false,
        "line_number": 268
      },
      {
        "type": "Secret Keyword",
        "filename": ".secrets.baseline",
        "hashed_secret": "a8898aa5844607bb32007f53386df85a60c5f79b",
        "is_verified": false,
        "line_number": 268
      },
      {
        "type": "Hex High Entropy String",
        "filename": ".secrets.baseline",
        "hashed_secret": "f6011c7d6ae781ff7d2f1b820fe0b3e3855d21c7",
        "is_verified": false,
        "line_number": 275
      },
      {
        "type": "Secret Keyword",
        "filename": ".secrets.baseline",
        "hashed_secret": "f6011c7d6ae781ff7d2f1b820fe0b3e3855d21c7",
        "is_verified": false,
        "line_number": 275
      },
      {
        "type": "Hex High Entropy String",
        "filename": ".secrets.baseline",
        "hashed_secret": "57bc1649fe0153e757d9d294dc31a97f481d01cd",
        "is_verified": false,
        "line_number": 282
      },
      {
        "type": "Secret Keyword",
        "filename": ".secrets.baseline",
        "hashed_secret": "57bc1649fe0153e757d9d294dc31a97f481d01cd",
        "is_verified": false,
        "line_number": 282
      },
      {
        "type": "Hex High Entropy String",
        "filename": ".secrets.baseline",
        "hashed_secret": "daa2a2c33ddb6ae0c10f6107347258f4572f46fe",
        "is_verified": false,
        "line_number": 289
      },
      {
        "type": "Secret Keyword",
        "filename": ".secrets.baseline",
        "hashed_secret": "daa2a2c33ddb6ae0c10f6107347258f4572f46fe",
        "is_verified": false,
        "line_number": 289
      },
      {
        "type": "Hex High Entropy String",
        "filename": ".secrets.baseline",
        "hashed_secret": "8817c2168670e37c79e4a014e073f1e921dec8d3",
        "is_verified": false,
        "line_number": 296
      },
      {
        "type": "Secret Keyword",
        "filename": ".secrets.baseline",
        "hashed_secret": "8817c2168670e37c79e4a014e073f1e921dec8d3",
        "is_verified": false,
        "line_number": 296
      },
      {
        "type": "Hex High Entropy String",
        "filename": ".secrets.baseline",
        "hashed_secret": "8a943868c4fdfbc33b6d58ffbf354ecd7f52c525",
        "is_verified": false,
        "line_number": 305
      },
      {
        "type": "Secret Keyword",
        "filename": ".secrets.baseline",
        "hashed_secret": "8a943868c4fdfbc33b6d58ffbf354ecd7f52c525",
        "is_verified": false,
        "line_number": 305
      },
      {
        "type": "Hex High Entropy String",
        "filename": ".secrets.baseline",
        "hashed_secret": "7d10e4c726d83b711562c883ee7c1a38c2d4b061",
        "is_verified": false,
        "line_number": 323
      },
      {
        "type": "Secret Keyword",
        "filename": ".secrets.baseline",
        "hashed_secret": "7d10e4c726d83b711562c883ee7c1a38c2d4b061",
        "is_verified": false,
        "line_number": 323
      },
      {
        "type": "Hex High Entropy String",
        "filename": ".secrets.baseline",
        "hashed_secret": "1094ea42eb07f8ca74775088987451bbac33a325",
        "is_verified": false,
        "line_number": 330
      },
      {
        "type": "Secret Keyword",
        "filename": ".secrets.baseline",
        "hashed_secret": "1094ea42eb07f8ca74775088987451bbac33a325",
        "is_verified": false,
        "line_number": 330
      },
      {
        "type": "Hex High Entropy String",
        "filename": ".secrets.baseline",
        "hashed_secret": "8d1e4f5888895e9f5df12404d016f885c42fad0b",
        "is_verified": false,
        "line_number": 337
      },
      {
        "type": "Secret Keyword",
        "filename": ".secrets.baseline",
        "hashed_secret": "8d1e4f5888895e9f5df12404d016f885c42fad0b",
        "is_verified": false,
        "line_number": 337
      },
      {
        "type": "Hex High Entropy String",
        "filename": ".secrets.baseline",
        "hashed_secret": "22cde1abda3f304f81a7951e3cbf46620cdffc3a",
        "is_verified": false,
        "line_number": 346
      },
      {
        "type": "Secret Keyword",
        "filename": ".secrets.baseline",
        "hashed_secret": "22cde1abda3f304f81a7951e3cbf46620cdffc3a",
        "is_verified": false,
        "line_number": 346
      },
      {
        "type": "Hex High Entropy String",
        "filename": ".secrets.baseline",
        "hashed_secret": "d6ee3e436b74cf0c5f671160d2aa21cfc19394a1",
        "is_verified": false,
        "line_number": 353
      },
      {
        "type": "Secret Keyword",
        "filename": ".secrets.baseline",
        "hashed_secret": "d6ee3e436b74cf0c5f671160d2aa21cfc19394a1",
        "is_verified": false,
        "line_number": 353
      },
      {
        "type": "Hex High Entropy String",
        "filename": ".secrets.baseline",
        "hashed_secret": "0d123f993559c4324f458e8af2f178f7a470f687",
        "is_verified": false,
        "line_number": 360
      },
      {
        "type": "Secret Keyword",
        "filename": ".secrets.baseline",
        "hashed_secret": "0d123f993559c4324f458e8af2f178f7a470f687",
        "is_verified": false,
        "line_number": 360
      },
      {
        "type": "Hex High Entropy String",
        "filename": ".secrets.baseline",
        "hashed_secret": "006c822debb123cc7ca7006792b03bf198ac50c5",
        "is_verified": false,
        "line_number": 367
      },
      {
        "type": "Secret Keyword",
        "filename": ".secrets.baseline",
        "hashed_secret": "006c822debb123cc7ca7006792b03bf198ac50c5",
        "is_verified": false,
        "line_number": 367
      },
      {
        "type": "Hex High Entropy String",
        "filename": ".secrets.baseline",
        "hashed_secret": "431405c68fb695a3bcfb854e1f6eda45e157b300",
        "is_verified": false,
        "line_number": 374
      },
      {
        "type": "Secret Keyword",
        "filename": ".secrets.baseline",
        "hashed_secret": "431405c68fb695a3bcfb854e1f6eda45e157b300",
        "is_verified": false,
        "line_number": 374
      },
      {
        "type": "Hex High Entropy String",
        "filename": ".secrets.baseline",
        "hashed_secret": "dc3fa0c99aa13cbab8baa389eab8d4f112afb2c1",
        "is_verified": false,
        "line_number": 381
      },
      {
        "type": "Secret Keyword",
        "filename": ".secrets.baseline",
        "hashed_secret": "dc3fa0c99aa13cbab8baa389eab8d4f112afb2c1",
        "is_verified": false,
        "line_number": 381
      },
      {
        "type": "Hex High Entropy String",
        "filename": ".secrets.baseline",
        "hashed_secret": "5fb2e96a8a865564969eb77daaae82ee26bd0ca9",
        "is_verified": false,
        "line_number": 388
      },
      {
        "type": "Secret Keyword",
        "filename": ".secrets.baseline",
        "hashed_secret": "5fb2e96a8a865564969eb77daaae82ee26bd0ca9",
        "is_verified": false,
        "line_number": 388
      },
      {
        "type": "Hex High Entropy String",
        "filename": ".secrets.baseline",
        "hashed_secret": "6d87a05c5497c96c79646e6a24f8a21afb605ce6",
        "is_verified": false,
        "line_number": 395
      },
      {
        "type": "Secret Keyword",
        "filename": ".secrets.baseline",
        "hashed_secret": "6d87a05c5497c96c79646e6a24f8a21afb605ce6",
        "is_verified": false,
        "line_number": 395
      },
      {
        "type": "Hex High Entropy String",
        "filename": ".secrets.baseline",
        "hashed_secret": "025cb5fb998c1d90055f4a7a77e987bb68916c86",
        "is_verified": false,
        "line_number": 404
      },
      {
        "type": "Secret Keyword",
        "filename": ".secrets.baseline",
        "hashed_secret": "025cb5fb998c1d90055f4a7a77e987bb68916c86",
        "is_verified": false,
        "line_number": 404
      },
      {
        "type": "Hex High Entropy String",
        "filename": ".secrets.baseline",
        "hashed_secret": "febe17b66c167dfd20a0a3f16b1ed0b764ceb791",
        "is_verified": false,
        "line_number": 411
      },
      {
        "type": "Secret Keyword",
        "filename": ".secrets.baseline",
        "hashed_secret": "febe17b66c167dfd20a0a3f16b1ed0b764ceb791",
        "is_verified": false,
        "line_number": 411
      },
      {
        "type": "Hex High Entropy String",
        "filename": ".secrets.baseline",
        "hashed_secret": "9274b98dbe688ed0e655a4d4ba4938e910afccf8",
        "is_verified": false,
        "line_number": 418
      },
      {
        "type": "Secret Keyword",
        "filename": ".secrets.baseline",
        "hashed_secret": "9274b98dbe688ed0e655a4d4ba4938e910afccf8",
        "is_verified": false,
        "line_number": 418
      },
      {
        "type": "Hex High Entropy String",
        "filename": ".secrets.baseline",
        "hashed_secret": "8e994bd29ac426d9166a2543390194c253912fec",
        "is_verified": false,
        "line_number": 425
      },
      {
        "type": "Secret Keyword",
        "filename": ".secrets.baseline",
        "hashed_secret": "8e994bd29ac426d9166a2543390194c253912fec",
        "is_verified": false,
        "line_number": 425
      },
      {
        "type": "Hex High Entropy String",
        "filename": ".secrets.baseline",
        "hashed_secret": "98f1cc1ac8bd82bf3b1d528a9a0bad470f23f28a",
        "is_verified": false,
        "line_number": 432
      },
      {
        "type": "Secret Keyword",
        "filename": ".secrets.baseline",
        "hashed_secret": "98f1cc1ac8bd82bf3b1d528a9a0bad470f23f28a",
        "is_verified": false,
        "line_number": 432
      },
      {
        "type": "Hex High Entropy String",
        "filename": ".secrets.baseline",
        "hashed_secret": "79f053483f299f614ac1250ee9dca2cabe92c21e",
        "is_verified": false,
        "line_number": 439
      },
      {
        "type": "Secret Keyword",
        "filename": ".secrets.baseline",
        "hashed_secret": "79f053483f299f614ac1250ee9dca2cabe92c21e",
        "is_verified": false,
        "line_number": 439
      },
      {
        "type": "Hex High Entropy String",
        "filename": ".secrets.baseline",
        "hashed_secret": "c4033bff94b567a190e33faa551f411caef444f2",
        "is_verified": false,
        "line_number": 464
      },
      {
        "type": "Secret Keyword",
        "filename": ".secrets.baseline",
        "hashed_secret": "c4033bff94b567a190e33faa551f411caef444f2",
        "is_verified": false,
        "line_number": 464
      },
      {
        "type": "Hex High Entropy String",
        "filename": ".secrets.baseline",
        "hashed_secret": "57de8bafa08d29272044b9aaae595a33b80810ee",
        "is_verified": false,
        "line_number": 473
      },
      {
        "type": "Secret Keyword",
        "filename": ".secrets.baseline",
        "hashed_secret": "57de8bafa08d29272044b9aaae595a33b80810ee",
        "is_verified": false,
        "line_number": 473
      },
      {
        "type": "Hex High Entropy String",
        "filename": ".secrets.baseline",
        "hashed_secret": "3a7ceb851b20820474672adc4e326103de7919ba",
        "is_verified": false,
        "line_number": 480
      },
      {
        "type": "Secret Keyword",
        "filename": ".secrets.baseline",
        "hashed_secret": "3a7ceb851b20820474672adc4e326103de7919ba",
        "is_verified": false,
        "line_number": 480
      },
      {
        "type": "Hex High Entropy String",
        "filename": ".secrets.baseline",
        "hashed_secret": "177b4b6e397397b4f7c941e24359a0d8937e9d94",
        "is_verified": false,
        "line_number": 487
      },
      {
        "type": "Secret Keyword",
        "filename": ".secrets.baseline",
        "hashed_secret": "177b4b6e397397b4f7c941e24359a0d8937e9d94",
        "is_verified": false,
        "line_number": 487
      },
      {
        "type": "Hex High Entropy String",
        "filename": ".secrets.baseline",
        "hashed_secret": "054e19c77f9f651fa825f00c8f7e0faecd6b4ea6",
        "is_verified": false,
        "line_number": 494
      },
      {
        "type": "Secret Keyword",
        "filename": ".secrets.baseline",
        "hashed_secret": "054e19c77f9f651fa825f00c8f7e0faecd6b4ea6",
        "is_verified": false,
        "line_number": 494
      },
      {
        "type": "Hex High Entropy String",
        "filename": ".secrets.baseline",
        "hashed_secret": "881bb9d7c70590b0d8f59c2b91130c627dc5689e",
        "is_verified": false,
        "line_number": 501
      },
      {
        "type": "Secret Keyword",
        "filename": ".secrets.baseline",
        "hashed_secret": "881bb9d7c70590b0d8f59c2b91130c627dc5689e",
        "is_verified": false,
        "line_number": 501
      },
      {
        "type": "Hex High Entropy String",
        "filename": ".secrets.baseline",
        "hashed_secret": "a92c152b36416727ed675717b3b2a91498fa1e37",
        "is_verified": false,
        "line_number": 508
      },
      {
        "type": "Secret Keyword",
        "filename": ".secrets.baseline",
        "hashed_secret": "a92c152b36416727ed675717b3b2a91498fa1e37",
        "is_verified": false,
        "line_number": 508
      },
      {
        "type": "Hex High Entropy String",
        "filename": ".secrets.baseline",
        "hashed_secret": "9b3b7559e749e448863d0017956fae7874bd9c9c",
        "is_verified": false,
        "line_number": 515
      },
      {
        "type": "Secret Keyword",
        "filename": ".secrets.baseline",
        "hashed_secret": "9b3b7559e749e448863d0017956fae7874bd9c9c",
        "is_verified": false,
        "line_number": 515
      },
      {
        "type": "Hex High Entropy String",
        "filename": ".secrets.baseline",
        "hashed_secret": "5a48bc273490813513a07379f08c783af73ca9c0",
        "is_verified": false,
        "line_number": 522
      },
      {
        "type": "Secret Keyword",
        "filename": ".secrets.baseline",
        "hashed_secret": "5a48bc273490813513a07379f08c783af73ca9c0",
        "is_verified": false,
        "line_number": 522
      },
      {
        "type": "Hex High Entropy String",
        "filename": ".secrets.baseline",
        "hashed_secret": "89bd886fd4bb79bb65afb100e6dae71651ace8db",
        "is_verified": false,
        "line_number": 529
      },
      {
        "type": "Secret Keyword",
        "filename": ".secrets.baseline",
        "hashed_secret": "89bd886fd4bb79bb65afb100e6dae71651ace8db",
        "is_verified": false,
        "line_number": 529
      },
      {
        "type": "Hex High Entropy String",
        "filename": ".secrets.baseline",
        "hashed_secret": "05ebd130a717489f751cc12e5920957eee94e500",
        "is_verified": false,
        "line_number": 556
      },
      {
        "type": "Secret Keyword",
        "filename": ".secrets.baseline",
        "hashed_secret": "05ebd130a717489f751cc12e5920957eee94e500",
        "is_verified": false,
        "line_number": 556
      },
      {
        "type": "Hex High Entropy String",
        "filename": ".secrets.baseline",
        "hashed_secret": "156aa276194203dc9ea11ec5be76833a0645a080",
        "is_verified": false,
        "line_number": 565
      },
      {
        "type": "Secret Keyword",
        "filename": ".secrets.baseline",
        "hashed_secret": "156aa276194203dc9ea11ec5be76833a0645a080",
        "is_verified": false,
        "line_number": 565
      },
      {
        "type": "Hex High Entropy String",
        "filename": ".secrets.baseline",
        "hashed_secret": "349ef91471a1ae69d74cb26334612b75099cf527",
        "is_verified": false,
        "line_number": 572
      },
      {
        "type": "Secret Keyword",
        "filename": ".secrets.baseline",
        "hashed_secret": "349ef91471a1ae69d74cb26334612b75099cf527",
        "is_verified": false,
        "line_number": 572
      },
      {
        "type": "Hex High Entropy String",
        "filename": ".secrets.baseline",
        "hashed_secret": "e8d6a42ac43495df4972b69e6d435dafc50d9203",
        "is_verified": false,
        "line_number": 579
      },
      {
        "type": "Secret Keyword",
        "filename": ".secrets.baseline",
        "hashed_secret": "e8d6a42ac43495df4972b69e6d435dafc50d9203",
        "is_verified": false,
        "line_number": 579
      },
      {
        "type": "Hex High Entropy String",
        "filename": ".secrets.baseline",
        "hashed_secret": "f739a08cea39b53bd5d43890160dbb0f0a0dd937",
        "is_verified": false,
        "line_number": 586
      },
      {
        "type": "Secret Keyword",
        "filename": ".secrets.baseline",
        "hashed_secret": "f739a08cea39b53bd5d43890160dbb0f0a0dd937",
        "is_verified": false,
        "line_number": 586
      },
      {
        "type": "Hex High Entropy String",
        "filename": ".secrets.baseline",
        "hashed_secret": "82938d24c8610dfc40ea0a6b849a874fa18c8ea6",
        "is_verified": false,
        "line_number": 593
      },
      {
        "type": "Secret Keyword",
        "filename": ".secrets.baseline",
        "hashed_secret": "82938d24c8610dfc40ea0a6b849a874fa18c8ea6",
        "is_verified": false,
        "line_number": 593
      },
      {
        "type": "Hex High Entropy String",
        "filename": ".secrets.baseline",
        "hashed_secret": "02a9e2d3d49e578cd1d736de8f08f6cc85bc0d1e",
        "is_verified": false,
        "line_number": 600
      },
      {
        "type": "Secret Keyword",
        "filename": ".secrets.baseline",
        "hashed_secret": "02a9e2d3d49e578cd1d736de8f08f6cc85bc0d1e",
        "is_verified": false,
        "line_number": 600
      },
      {
        "type": "Hex High Entropy String",
        "filename": ".secrets.baseline",
        "hashed_secret": "f9b3d50e5b45f407f05e7fefa8f47e480ca467cd",
        "is_verified": false,
        "line_number": 609
      },
      {
        "type": "Secret Keyword",
        "filename": ".secrets.baseline",
        "hashed_secret": "f9b3d50e5b45f407f05e7fefa8f47e480ca467cd",
        "is_verified": false,
        "line_number": 609
      },
      {
        "type": "Hex High Entropy String",
        "filename": ".secrets.baseline",
        "hashed_secret": "86fb28f346fed8c8d8cc3d1c63096a1f69e9e198",
        "is_verified": false,
        "line_number": 616
      },
      {
        "type": "Secret Keyword",
        "filename": ".secrets.baseline",
        "hashed_secret": "86fb28f346fed8c8d8cc3d1c63096a1f69e9e198",
        "is_verified": false,
        "line_number": 616
      },
      {
        "type": "Hex High Entropy String",
        "filename": ".secrets.baseline",
        "hashed_secret": "7a8845de943d5430134907bdb34a227510b46dc3",
        "is_verified": false,
        "line_number": 623
      },
      {
        "type": "Secret Keyword",
        "filename": ".secrets.baseline",
        "hashed_secret": "7a8845de943d5430134907bdb34a227510b46dc3",
        "is_verified": false,
        "line_number": 623
      },
      {
        "type": "Hex High Entropy String",
        "filename": ".secrets.baseline",
        "hashed_secret": "9579ff22013696e1b6de5552eb6668fd3560a8f7",
        "is_verified": false,
        "line_number": 630
      },
      {
        "type": "Secret Keyword",
        "filename": ".secrets.baseline",
        "hashed_secret": "9579ff22013696e1b6de5552eb6668fd3560a8f7",
        "is_verified": false,
        "line_number": 630
      },
      {
        "type": "Hex High Entropy String",
        "filename": ".secrets.baseline",
        "hashed_secret": "3113b3bdf6ffca8a47869aad0f3f641d10095837",
        "is_verified": false,
        "line_number": 639
      },
      {
        "type": "Secret Keyword",
        "filename": ".secrets.baseline",
        "hashed_secret": "3113b3bdf6ffca8a47869aad0f3f641d10095837",
        "is_verified": false,
        "line_number": 639
      }
    ],
    "CHANGELOG.md": [
      {
        "type": "Secret Keyword",
        "filename": "CHANGELOG.md",
        "hashed_secret": "ecb252044b5ea0f679ee78ec1a12904739e2904d",
        "is_verified": false,
        "line_number": 363
      },
      {
        "type": "Secret Keyword",
        "filename": "CHANGELOG.md",
        "hashed_secret": "91dfd9ddb4198affc5c194cd8ce6d338fde470e2",
        "is_verified": false,
        "line_number": 366
      }
    ],
    "EXAMPLE_WORKFLOW.json": [
      {
        "type": "Secret Keyword",
        "filename": "EXAMPLE_WORKFLOW.json",
        "hashed_secret": "b8b6787445c530b31f39a5cadbf8e30aaf1dfb96",
        "is_verified": false,
        "line_number": 77
      }
    ],
    "README.md": [
      {
        "type": "Secret Keyword",
        "filename": "README.md",
        "hashed_secret": "aecdccc1cf64595b34e0cc152d238daabb32183a",
        "is_verified": false,
        "line_number": 476
      }
    ],
    "WEBEX_DEPLOYMENT.md": [
      {
        "type": "Base64 High Entropy String",
        "filename": "WEBEX_DEPLOYMENT.md",
        "hashed_secret": "c9f94725acdf92523242d03536932f2ea2f50e99",
        "is_verified": false,
        "line_number": 107
      }
    ],
    "agent-manager-api-dev.service": [
      {
        "type": "Base64 High Entropy String",
        "filename": "agent-manager-api-dev.service",
        "hashed_secret": "666dda7dc638354a2085dd65084d887477c7b89c",
        "is_verified": false,
        "line_number": 17
      }
    ],
    "agent_manager.py": [
      {
        "type": "Secret Keyword",
        "filename": "agent_manager.py",
        "hashed_secret": "8ed4322e8e2790b8c928d381ce8d07cfd966e909",
        "is_verified": false,
        "line_number": 9200
      }
    ],
    "agents.json": [
      {
        "type": "Secret Keyword",
        "filename": "agents.json",
        "hashed_secret": "5b48d3197661187ca3dba7f37e4fdb14e0dbd242",
        "is_verified": false,
        "line_number": 9
      },
      {
        "type": "Secret Keyword",
        "filename": "agents.json",
        "hashed_secret": "354145dfd7af2a4bc5ea187e97e4866d8575cea5",
        "is_verified": false,
        "line_number": 15
      },
      {
        "type": "Secret Keyword",
        "filename": "agents.json",
        "hashed_secret": "103923bd12735e2019aa22c951ef6cf456746532",
        "is_verified": false,
        "line_number": 25
      },
      {
        "type": "Secret Keyword",
        "filename": "agents.json",
        "hashed_secret": "15076db5e486efd64d370ccc6dccb9f863535f63",
        "is_verified": false,
        "line_number": 31
      },
      {
        "type": "Secret Keyword",
        "filename": "agents.json",
        "hashed_secret": "1309b730c9d65ad2ccd109328020044659b86d69",
        "is_verified": false,
        "line_number": 41
      },
      {
        "type": "Secret Keyword",
        "filename": "agents.json",
        "hashed_secret": "3c31e13c398526a95ac40a2199eb1ca99a5c7ba4",
        "is_verified": false,
        "line_number": 47
      },
      {
        "type": "Secret Keyword",
        "filename": "agents.json",
        "hashed_secret": "d2cfba3744fc9dc41e7d81519c93c363703c46c4",
        "is_verified": false,
        "line_number": 57
      },
      {
        "type": "Secret Keyword",
        "filename": "agents.json",
        "hashed_secret": "8de6eaafe4bf427ddd95fe2b376e108fbb3dd61d",
        "is_verified": false,
        "line_number": 63
      },
      {
        "type": "Secret Keyword",
        "filename": "agents.json",
        "hashed_secret": "3207d43e2b2201319144bd31e7a8b57dd550b6f6",
        "is_verified": false,
        "line_number": 73
      },
      {
        "type": "Secret Keyword",
        "filename": "agents.json",
        "hashed_secret": "48581150c3b7b0b386c71766cdb648282b1adf6f",
        "is_verified": false,
        "line_number": 79
      },
      {
        "type": "Secret Keyword",
        "filename": "agents.json",
        "hashed_secret": "b3c495d7e63523144557408b7f52d5e3239439d4",
        "is_verified": false,
        "line_number": 100
      },
      {
        "type": "Secret Keyword",
        "filename": "agents.json",
        "hashed_secret": "afd9918daa4648f3cb04cf510a66ef7c8ba5b5aa",
        "is_verified": false,
        "line_number": 106
      },
      {
        "type": "Secret Keyword",
        "filename": "agents.json",
        "hashed_secret": "5ed727b8a4b1d8b0b626f337ff083075af1e2675",
        "is_verified": false,
        "line_number": 116
      },
      {
        "type": "Secret Keyword",
        "filename": "agents.json",
        "hashed_secret": "5813be841d6a69769f417c12aa8eaecb96d0cd1d",
        "is_verified": false,
        "line_number": 122
      },
      {
        "type": "Secret Keyword",
        "filename": "agents.json",
        "hashed_secret": "15f508d186f09cc9e36ed6eb9c652d12de9a2c77",
        "is_verified": false,
        "line_number": 143
      },
      {
        "type": "Secret Keyword",
        "filename": "agents.json",
        "hashed_secret": "86a26e6cf79f8e692606dc7a10fa74d24f87a926",
        "is_verified": false,
        "line_number": 149
      }
    ],
    "test_mute_integration.py": [
      {
        "type": "Base64 High Entropy String",
        "filename": "test_mute_integration.py",
        "hashed_secret": "e0ca8d10ad85dd1786fb9b035b2bef3e26f8e388",
        "is_verified": false,
        "line_number": 19
      }
    ],
    "tests/opencode_agentic_tests/test_opencode_direct.py": [
      {
        "type": "Base64 High Entropy String",
        "filename": "tests/opencode_agentic_tests/test_opencode_direct.py",
        "hashed_secret": "e0ca8d10ad85dd1786fb9b035b2bef3e26f8e388",
        "is_verified": false,
        "line_number": 15
      }
    ],
    "tests/test_issue142_wee_runtime_bugs.py": [
      {
        "type": "Secret Keyword",
        "filename": "tests/test_issue142_wee_runtime_bugs.py",
        "hashed_secret": "ed65c049bb2f78ee4f703b2158ba9cc6ea31fb7e",
        "is_verified": false,
        "line_number": 79
      },
      {
        "type": "Secret Keyword",
        "filename": "tests/test_issue142_wee_runtime_bugs.py",
        "hashed_secret": "3acfb2c2b433c0ea7ff107e33df91b18e52f960f",
        "is_verified": false,
        "line_number": 111
      },
      {
        "type": "Secret Keyword",
        "filename": "tests/test_issue142_wee_runtime_bugs.py",
        "hashed_secret": "a62f2225bf70bfaccbc7f1ef2a397836717377de",
        "is_verified": false,
        "line_number": 170
      }
    ],
    "tests/test_issue144_openrouter_auth.py": [
      {
        "type": "Secret Keyword",
        "filename": "tests/test_issue144_openrouter_auth.py",
        "hashed_secret": "1d4273c4224b387f7da5bc7d2889d02ef0894f6e",
        "is_verified": false,
        "line_number": 83
      },
      {
        "type": "Secret Keyword",
        "filename": "tests/test_issue144_openrouter_auth.py",
        "hashed_secret": "45cd22dde16c327eefa93fabbb1448903492bd2a",
        "is_verified": false,
        "line_number": 128
      },
      {
        "type": "Secret Keyword",
        "filename": "tests/test_issue144_openrouter_auth.py",
        "hashed_secret": "f0b2c4461f1166f0b90d15bd79195903b120edb8",
        "is_verified": false,
        "line_number": 129
      },
      {
        "type": "Secret Keyword",
        "filename": "tests/test_issue144_openrouter_auth.py",
        "hashed_secret": "13ac81f2538e95b77c6c5219d1c4a892c340eba3",
        "is_verified": false,
        "line_number": 171
      },
      {
        "type": "Secret Keyword",
        "filename": "tests/test_issue144_openrouter_auth.py",
        "hashed_secret": "9cdeaae013c7a53e9c8670d87e3c29c58fd17f78",
        "is_verified": false,
        "line_number": 173
      },
      {
        "type": "Secret Keyword",
        "filename": "tests/test_issue144_openrouter_auth.py",
        "hashed_secret": "6b8f36db289d14c3c7ba1bb21147b7a4fa7e7536",
        "is_verified": false,
        "line_number": 393
      },
      {
        "type": "Secret Keyword",
        "filename": "tests/test_issue144_openrouter_auth.py",
        "hashed_secret": "d8fbfb6abb8848a764c85d59bc641b61d5a12f4d",
        "is_verified": false,
        "line_number": 485
      },
      {
        "type": "Secret Keyword",
        "filename": "tests/test_issue144_openrouter_auth.py",
        "hashed_secret": "1a0d59b286d34fa3cb6b68e77abbb9e400721583",
        "is_verified": false,
        "line_number": 529
      }
    ],
    "tests/test_issue153_openrouter_auth.py": [
      {
        "type": "Secret Keyword",
        "filename": "tests/test_issue153_openrouter_auth.py",
        "hashed_secret": "9c60323afe0090165d48625153ff36123ce2c0d0",
        "is_verified": false,
        "line_number": 110
      },
      {
        "type": "Secret Keyword",
        "filename": "tests/test_issue153_openrouter_auth.py",
        "hashed_secret": "4fd0357d8167c26bacd8ff5ced7a462e3e516395",
        "is_verified": false,
        "line_number": 125
      },
      {
        "type": "Secret Keyword",
        "filename": "tests/test_issue153_openrouter_auth.py",
        "hashed_secret": "9c5839057da29b7bd7dc6411c21aecc44d60055e",
        "is_verified": false,
        "line_number": 258
      },
      {
        "type": "Secret Keyword",
        "filename": "tests/test_issue153_openrouter_auth.py",
        "hashed_secret": "3cb60ed5f2368c24bdb2da0c27381261a502ba8a",
        "is_verified": false,
        "line_number": 259
      },
      {
        "type": "Secret Keyword",
        "filename": "tests/test_issue153_openrouter_auth.py",
        "hashed_secret": "15f45ee35c395c2eed8d4b189a79a751bce4d557",
        "is_verified": false,
        "line_number": 284
      },
      {
        "type": "Secret Keyword",
        "filename": "tests/test_issue153_openrouter_auth.py",
        "hashed_secret": "eb8e1df3659c4ccf37803c9a9c5482278fa841f5",
        "is_verified": false,
        "line_number": 299
      },
      {
        "type": "Secret Keyword",
        "filename": "tests/test_issue153_openrouter_auth.py",
        "hashed_secret": "6b8f36db289d14c3c7ba1bb21147b7a4fa7e7536",
        "is_verified": false,
        "line_number": 394
      }
    ],
    "tests/test_issue158_qa_fixes.py": [
      {
        "type": "Secret Keyword",
        "filename": "tests/test_issue158_qa_fixes.py",
        "hashed_secret": "3acfb2c2b433c0ea7ff107e33df91b18e52f960f",
        "is_verified": false,
        "line_number": 382
      }
    ],
    "tests/test_issue158_wee_cli.py": [
      {
        "type": "Secret Keyword",
        "filename": "tests/test_issue158_wee_cli.py",
        "hashed_secret": "a94a8fe5ccb19ba61c4c0873d391e987982fbbd3",
        "is_verified": false,
        "line_number": 380
      }
    ],
    "tests/test_issue166_agent_bot_manager.py": [
      {
        "type": "Secret Keyword",
        "filename": "tests/test_issue166_agent_bot_manager.py",
        "hashed_secret": "d584455446bbb2e2806e1caa96706c557809bd8b",
        "is_verified": false,
        "line_number": 449
      },
      {
        "type": "Secret Keyword",
        "filename": "tests/test_issue166_agent_bot_manager.py",
        "hashed_secret": "f1301adf64789991722c496bf7a2a10adf229262",
        "is_verified": false,
        "line_number": 472
      },
      {
        "type": "Secret Keyword",
        "filename": "tests/test_issue166_agent_bot_manager.py",
        "hashed_secret": "2b49af0aa4c1fdeed4762f46a37cb0ca5dca7c84",
        "is_verified": false,
        "line_number": 492
      },
      {
        "type": "Secret Keyword",
        "filename": "tests/test_issue166_agent_bot_manager.py",
        "hashed_secret": "68eaa9f69a1e3e17dcbde694834a22ae1753e587",
        "is_verified": false,
        "line_number": 538
      },
      {
        "type": "Secret Keyword",
        "filename": "tests/test_issue166_agent_bot_manager.py",
        "hashed_secret": "1f000c8f114f5111b4fb5e351485b9115eb67301",
        "is_verified": false,
        "line_number": 557
      },
      {
        "type": "Secret Keyword",
        "filename": "tests/test_issue166_agent_bot_manager.py",
        "hashed_secret": "e5b48a979a411c1902c3dd10c9fda23e0a631151",
        "is_verified": false,
        "line_number": 616
      },
      {
        "type": "Secret Keyword",
        "filename": "tests/test_issue166_agent_bot_manager.py",
        "hashed_secret": "2aad9ee027351299eb37b8211f15298696fa71e9",
        "is_verified": false,
        "line_number": 676
      },
      {
        "type": "Secret Keyword",
        "filename": "tests/test_issue166_agent_bot_manager.py",
        "hashed_secret": "6a8d11900bd3f696985b0d7994517cbce1bd4ba3",
        "is_verified": false,
        "line_number": 848
      },
      {
        "type": "Secret Keyword",
        "filename": "tests/test_issue166_agent_bot_manager.py",
        "hashed_secret": "fae01501660713c73198c342801557865b88990f",
        "is_verified": false,
        "line_number": 866
      }
    ],
    "tests/test_notification_global_mute.py": [
      {
        "type": "Base64 High Entropy String",
        "filename": "tests/test_notification_global_mute.py",
        "hashed_secret": "e0ca8d10ad85dd1786fb9b035b2bef3e26f8e388",
        "is_verified": false,
        "line_number": 29
      }
    ],
    "tests/test_skill_delete.py": [
      {
        "type": "Base64 High Entropy String",
        "filename": "tests/test_skill_delete.py",
        "hashed_secret": "e0ca8d10ad85dd1786fb9b035b2bef3e26f8e388",
        "is_verified": false,
        "line_number": 179
      }
    ],
    "tests/test_telegram_register_commands.py": [
      {
        "type": "Secret Keyword",
        "filename": "tests/test_telegram_register_commands.py",
        "hashed_secret": "6d4e366d001419b6025026e198c5404574de6a9b",
        "is_verified": false,
        "line_number": 63
      }
    ],
    "tests/test_wee_runtime_comprehensive.py": [
      {
        "type": "Secret Keyword",
        "filename": "tests/test_wee_runtime_comprehensive.py",
        "hashed_secret": "58c9f274f0f40ca6d9a5eb4e3dc87e9eb08cc333",
        "is_verified": false,
        "line_number": 175
      },
      {
        "type": "Secret Keyword",
        "filename": "tests/test_wee_runtime_comprehensive.py",
        "hashed_secret": "0b4c4411a33815b9e82c12baa9d06d64c5426fc1",
        "is_verified": false,
        "line_number": 188
      },
      {
        "type": "Secret Keyword",
        "filename": "tests/test_wee_runtime_comprehensive.py",
        "hashed_secret": "f77b5dd39e3c4d682e67b67faa2cdfb980f5ecf1",
        "is_verified": false,
        "line_number": 200
      },
      {
        "type": "Secret Keyword",
        "filename": "tests/test_wee_runtime_comprehensive.py",
        "hashed_secret": "bea2f7b64fab8d1d414d0449530b1e088d36d5b1",
        "is_verified": false,
        "line_number": 211
      },
      {
        "type": "Secret Keyword",
        "filename": "tests/test_wee_runtime_comprehensive.py",
        "hashed_secret": "0d1919ff4eebc7af7ee04381259deedc059369aa",
        "is_verified": false,
        "line_number": 215
      },
      {
        "type": "Secret Keyword",
        "filename": "tests/test_wee_runtime_comprehensive.py",
        "hashed_secret": "8e51f208762044c642615024cb09f9f15276b277",
        "is_verified": false,
        "line_number": 254
      }
    ],
    "tests/test_wee_runtime_comprehensive_v2.py": [
      {
        "type": "Secret Keyword",
        "filename": "tests/test_wee_runtime_comprehensive_v2.py",
        "hashed_secret": "cfc94bd30ee5a1343b6237ff1d1ad1aef7e54d51",
        "is_verified": false,
        "line_number": 562
      },
      {
        "type": "Secret Keyword",
        "filename": "tests/test_wee_runtime_comprehensive_v2.py",
        "hashed_secret": "0b8d37ac0768fc1fc701b0c5e8d2af6d3cb3856b",
        "is_verified": false,
        "line_number": 580
      },
      {
        "type": "Secret Keyword",
        "filename": "tests/test_wee_runtime_comprehensive_v2.py",
        "hashed_secret": "00942f4668670f34c5943cf52c7ef3139fe2b8d6",
        "is_verified": false,
        "line_number": 998
      },
      {
        "type": "Secret Keyword",
        "filename": "tests/test_wee_runtime_comprehensive_v2.py",
        "hashed_secret": "f676f47136f20189929309e4de800dd22b5cc4c9",
        "is_verified": false,
        "line_number": 1134
      }
    ],
    "tests/test_wee_runtime_scenarios.py": [
      {
        "type": "Secret Keyword",
        "filename": "tests/test_wee_runtime_scenarios.py",
        "hashed_secret": "80c3eb3a746f82974a9696275d8b52a37fba449b",
        "is_verified": false,
        "line_number": 745
      },
      {
        "type": "Secret Keyword",
        "filename": "tests/test_wee_runtime_scenarios.py",
        "hashed_secret": "00942f4668670f34c5943cf52c7ef3139fe2b8d6",
        "is_verified": false,
        "line_number": 780
      },
      {
        "type": "Secret Keyword",
        "filename": "tests/test_wee_runtime_scenarios.py",
        "hashed_secret": "8ed4322e8e2790b8c928d381ce8d07cfd966e909",
        "is_verified": false,
        "line_number": 1515
      }
    ]
  },
  "generated_at": "2026-04-24T22:17:09Z"
}
