{
  "version": "1.5.0",
  "plugins_used": [
    {
      "name": "ArtifactoryDetector"
    },
    {
      "name": "AWSKeyDetector"
    },
    {
      "name": "AzureStorageKeyDetector"
    },
    {
      "name": "Base64HighEntropyString",
      "limit": 4.5
    },
    {
      "name": "BasicAuthDetector"
    },
    {
      "name": "CloudantDetector"
    },
    {
      "name": "DiscordBotTokenDetector"
    },
    {
      "name": "GitHubTokenDetector"
    },
    {
      "name": "GitLabTokenDetector"
    },
    {
      "name": "HexHighEntropyString",
      "limit": 3.0
    },
    {
      "name": "IbmCloudIamDetector"
    },
    {
      "name": "IbmCosHmacDetector"
    },
    {
      "name": "IPPublicDetector"
    },
    {
      "name": "JwtTokenDetector"
    },
    {
      "name": "KeywordDetector",
      "keyword_exclude": ""
    },
    {
      "name": "MailchimpDetector"
    },
    {
      "name": "NpmDetector"
    },
    {
      "name": "OpenAIDetector"
    },
    {
      "name": "PrivateKeyDetector"
    },
    {
      "name": "PypiTokenDetector"
    },
    {
      "name": "SendGridDetector"
    },
    {
      "name": "SlackDetector"
    },
    {
      "name": "SoftlayerDetector"
    },
    {
      "name": "SquareOAuthDetector"
    },
    {
      "name": "StripeDetector"
    },
    {
      "name": "TelegramBotTokenDetector"
    },
    {
      "name": "TwilioKeyDetector"
    }
  ],
  "filters_used": [
    {
      "path": "detect_secrets.filters.allowlist.is_line_allowlisted"
    },
    {
      "path": "detect_secrets.filters.common.is_ignored_due_to_verification_policies",
      "min_level": 2
    },
    {
      "path": "detect_secrets.filters.heuristic.is_indirect_reference"
    },
    {
      "path": "detect_secrets.filters.heuristic.is_likely_id_string"
    },
    {
      "path": "detect_secrets.filters.heuristic.is_lock_file"
    },
    {
      "path": "detect_secrets.filters.heuristic.is_not_alphanumeric_string"
    },
    {
      "path": "detect_secrets.filters.heuristic.is_potential_uuid"
    },
    {
      "path": "detect_secrets.filters.heuristic.is_prefixed_with_dollar_sign"
    },
    {
      "path": "detect_secrets.filters.heuristic.is_sequential_string"
    },
    {
      "path": "detect_secrets.filters.heuristic.is_swagger_file"
    },
    {
      "path": "detect_secrets.filters.heuristic.is_templated_secret"
    }
  ],
  "results": {
    "EXAMPLE_WORKFLOW.json": [
      {
        "type": "Secret Keyword",
        "filename": "EXAMPLE_WORKFLOW.json",
        "hashed_secret": "b8b6787445c530b31f39a5cadbf8e30aaf1dfb96",
        "is_verified": false,
        "line_number": 77
      }
    ],
    "README.md": [
      {
        "type": "Secret Keyword",
        "filename": "README.md",
        "hashed_secret": "aecdccc1cf64595b34e0cc152d238daabb32183a",
        "is_verified": false,
        "line_number": 472
      }
    ],
    "WEBEX_DEPLOYMENT.md": [
      {
        "type": "Base64 High Entropy String",
        "filename": "WEBEX_DEPLOYMENT.md",
        "hashed_secret": "c9f94725acdf92523242d03536932f2ea2f50e99",
        "is_verified": false,
        "line_number": 107
      }
    ],
    "test_mute_integration.py": [
      {
        "type": "Base64 High Entropy String",
        "filename": "test_mute_integration.py",
        "hashed_secret": "e0ca8d10ad85dd1786fb9b035b2bef3e26f8e388",
        "is_verified": false,
        "line_number": 18
      }
    ],
    "tests/test_notification_global_mute.py": [
      {
        "type": "Base64 High Entropy String",
        "filename": "tests/test_notification_global_mute.py",
        "hashed_secret": "e0ca8d10ad85dd1786fb9b035b2bef3e26f8e388",
        "is_verified": false,
        "line_number": 28
      }
    ]
  },
  "generated_at": "2026-03-16T11:54:40Z"
}
